AnaB0427@PCamd7 MINGW64 ~/Desktop/ES2 (master)
$ git clone https://github.com/vinicgamlob-oss/ES_2.git
Cloning into 'ES_2'...
remote: Enumerating objects: 14, done.
remote: Counting objects: 100% (14/14), done.
remote: Compressing objects: 100% (11/11), done.
remote: Total 14 (delta 1), reused 14 (delta 1), pack-reused 0 (from 0)
Receiving objects: 100% (14/14), 315.84 KiB | 757.00 KiB/s, done.
Resolving deltas: 100% (1/1), done.

AnaB0427@PCamd7 MINGW64 ~/Desktop/ES2 (master)
$ cd ES_2

AnaB0427@PCamd7 MINGW64 ~/Desktop/ES2/ES_2 (main)
$ git checkout main
Already on 'main'
Your branch is up to date with 'origin/main'.

AnaB0427@PCamd7 MINGW64 ~/Desktop/ES2/ES_2 (main)
$ git pull origin main
From https://github.com/vinicgamlob-oss/ES_2
 * branch            main       -> FETCH_HEAD
Already up to date.

AnaB0427@PCamd7 MINGW64 ~/Desktop/ES2/ES_2 (main)
$ git checkout aboe
error: pathspec 'aboe' did not match any file(s) known to git

AnaB0427@PCamd7 MINGW64 ~/Desktop/ES2/ES_2 (main)
$ git log
commit e384bfa81fd207e6ca4a63a3d99ccbd5c623f6ae (HEAD -> main, origin/main, origin/HEAD)
Author: Vinicius Gama Bittencourt Lobo <vinicgamlob@gmail.com>
Date:   Fri Jun 5 11:28:00 2026 -0300

    docs(diagramas): organizacao dos documentos

commit 28a7edd700875601878e0aa557b626a3fbc78232
Author: Vinicius Gama Bittencourt Lobo <vinicgamlob@gmail.com>
Date:   Fri Jun 5 11:23:11 2026 -0300

    docs( documentos) : < Upload da proposta e Padroes >

    *add pasta Documentos
    *add  padroes de versionamento
    *add  proposta

commit a20d726fbb163f3913e9f3cb89fc6770d5ce609d (origin/Vgbl, origin/Lso, origin/Esog, origin/Aboe)
Author: Vinicius Gama Bittencourt Lobo <vinicgamlob@gmail.com>
Date:   Fri Jun 5 11:10:21 2026 -0300

    Initial commit
(END)
commit e384bfa81fd207e6ca4a63a3d99ccbd5c623f6ae (HEAD -> main, origin/main, origin/HEAD)
Author: Vinicius Gama Bittencourt Lobo <vinicgamlob@gmail.com>
Date:   Fri Jun 5 11:28:00 2026 -0300

    docs(diagramas): organizacao dos documentos

commit 28a7edd700875601878e0aa557b626a3fbc78232
Author: Vinicius Gama Bittencourt Lobo <vinicgamlob@gmail.com>
Date:   Fri Jun 5 11:23:11 2026 -0300

    docs( documentos) : < Upload da proposta e Padroes >

    *add pasta Documentos
    *add  padroes de versionamento
    *add  proposta

commit a20d726fbb163f3913e9f3cb89fc6770d5ce609d (origin/Vgbl, origin/Lso, origin/Esog, origin/Aboe)
Author: Vinicius Gama Bittencourt Lobo <vinicgamlob@gmail.com>
Date:   Fri Jun 5 11:10:21 2026 -0300

    Initial commit
(END)
commit e384bfa81fd207e6ca4a63a3d99ccbd5c623f6ae (HEAD -> main, origin/main, origin/HEAD)
Author: Vinicius Gama Bittencourt Lobo <vinicgamlob@gmail.com>
Date:   Fri Jun 5 11:28:00 2026 -0300

    docs(diagramas): organizacao dos documentos

commit 28a7edd700875601878e0aa557b626a3fbc78232
Author: Vinicius Gama Bittencourt Lobo <vinicgamlob@gmail.com>
Date:   Fri Jun 5 11:23:11 2026 -0300

    docs( documentos) : < Upload da proposta e Padroes >

    *add pasta Documentos
    *add  padroes de versionamento
    *add  proposta

commit a20d726fbb163f3913e9f3cb89fc6770d5ce609d (origin/Vgbl, origin/Lso, origin/Esog, origin/Aboe)
Author: Vinicius Gama Bittencourt Lobo <vinicgamlob@gmail.com>
Date:   Fri Jun 5 11:10:21 2026 -0300

    Initial commit

AnaB0427@PCamd7 MINGW64 ~/Desktop/ES2/ES_2 (main)
$ git branch -a
* main
  remotes/origin/Aboe
  remotes/origin/Esog
  remotes/origin/HEAD -> origin/main
  remotes/origin/Lso
  remotes/origin/Vgbl
  remotes/origin/main

AnaB0427@PCamd7 MINGW64 ~/Desktop/ES2/ES_2 (main)
$ ^C

AnaB0427@PCamd7 MINGW64 ~/Desktop/ES2/ES_2 (main)
$ ^C

AnaB0427@PCamd7 MINGW64 ~/Desktop/ES2/ES_2 (main)
$ git checkout Aboe
branch 'Aboe' set up to track 'origin/Aboe'.
Switched to a new branch 'Aboe'

AnaB0427@PCamd7 MINGW64 ~/Desktop/ES2/ES_2 (Aboe)
$ git status
On branch Aboe
Your branch is up to date with 'origin/Aboe'.

nothing to commit, working tree clean

AnaB0427@PCamd7 MINGW64 ~/Desktop/ES2/ES_2 (Aboe)
$ ^C

AnaB0427@PCamd7 MINGW64 ~/Desktop/ES2/ES_2 (Aboe)
$ git fetch origin

AnaB0427@PCamd7 MINGW64 ~/Desktop/ES2/ES_2 (Aboe)
$ git merge origin/main
Updating a20d726..e384bfa
Fast-forward
 Diagramas/Aula_bruno.asta                              | Bin 0 -> 19627 bytes
 .../Padr\303\265es_de_Commit_e_versionamento.pdf"      | Bin 0 -> 92119 bytes
 documentos/PereciveisLatex.pdf                         | Bin 0 -> 160643 bytes
 documentos/PereciveisProposta.pdf                      | Bin 0 -> 54972 bytes
 4 files changed, 0 insertions(+), 0 deletions(-)
 create mode 100644 Diagramas/Aula_bruno.asta
 create mode 100644 "documentos/Padr\303\265es_de_Commit_e_versionamento.pdf"
 create mode 100644 documentos/PereciveisLatex.pdf
 create mode 100644 documentos/PereciveisProposta.pdf

AnaB0427@PCamd7 MINGW64 ~/Desktop/ES2/ES_2 (Aboe)
$ git status
On branch Aboe
Your branch is ahead of 'origin/Aboe' by 2 commits.
  (use "git push" to publish your local commits)

Changes not staged for commit:
  (use "git add/rm <file>..." to update what will be committed)
  (use "git restore <file>..." to discard changes in working directory)
        deleted:    Diagramas/Aula_bruno.asta

Untracked files:
  (use "git add <file>..." to include in what will be committed)
        Diagramas/DiagramaPARTE01.asta
        Diagramas/DiagramaPARTE01.asta.lock

no changes added to commit (use "git add" and/or "git commit -a")

AnaB0427@PCamd7 MINGW64 ~/Desktop/ES2/ES_2 (Aboe)
$ git status
On branch Aboe
Your branch is ahead of 'origin/Aboe' by 2 commits.
  (use "git push" to publish your local commits)

Changes not staged for commit:
  (use "git add/rm <file>..." to update what will be committed)
  (use "git restore <file>..." to discard changes in working directory)
        deleted:    Diagramas/Aula_bruno.asta

Untracked files:
  (use "git add <file>..." to include in what will be committed)
        Diagramas/DiagramaPARTE01.asta
        Diagramas/DiagramaPARTE02.asta
        Diagramas/DiagramaPARTE02.asta.lock

no changes added to commit (use "git add" and/or "git commit -a")

AnaB0427@PCamd7 MINGW64 ~/Desktop/ES2/ES_2 (Aboe)
$ git status
On branch Aboe
Your branch is ahead of 'origin/Aboe' by 2 commits.
  (use "git push" to publish your local commits)

Changes not staged for commit:
  (use "git add/rm <file>..." to update what will be committed)
  (use "git restore <file>..." to discard changes in working directory)
        deleted:    Diagramas/Aula_bruno.asta

Untracked files:
  (use "git add <file>..." to include in what will be committed)
        Diagramas/DiagramaPARTE01.asta
        Diagramas/DiagramaPARTE01.asta.lock
        Diagramas/DiagramaPARTE02.asta
        Diagramas/DiagramaPARTE02.asta.lock

no changes added to commit (use "git add" and/or "git commit -a")

AnaB0427@PCamd7 MINGW64 ~/Desktop/ES2/ES_2 (Aboe)
$ git status
On branch Aboe
Your branch is ahead of 'origin/Aboe' by 2 commits.
  (use "git push" to publish your local commits)

Changes not staged for commit:
  (use "git add/rm <file>..." to update what will be committed)
  (use "git restore <file>..." to discard changes in working directory)
        deleted:    Diagramas/Aula_bruno.asta

Untracked files:
  (use "git add <file>..." to include in what will be committed)
        Diagramas/DiagramaPARTE01.asta
        Diagramas/DiagramaPARTE02.asta

no changes added to commit (use "git add" and/or "git commit -a")
